tenant_id check passed
tenant seed check passed
iam seed check passed
migration safety check passed
grep: unrecognized option: include=*.vue
mail sandbox check passed
BusyBox v1.37.0 (2026-01-10 15:38:28 UTC) multi-call binary.

Usage: grep [-HhnlLoqvsrRiwFE] [-m N] [-A|B|C N] { PATTERN | -e PATTERN... | -f FILE... } [FILE]...

Search for PATTERN in FILEs (or stdin)

	-H	Add 'filename:' prefix
	-h	Do not add 'filename:' prefix
	-n	Add 'line_no:' prefix
	-l	Show only names of files that match
	-L	Show only names of files that don't match
	-c	Show only count of matching lines
	-o	Show only the matching part of line
	-q	Quiet. Return 0 if PATTERN is found, 1 otherwise
	-v	Select non-matching lines
	-s	Suppress open and read errors
	-r	Recurse
	-R	Recurse and dereference symlinks
	-i	Ignore case
	-w	Match whole words only
	-x	Match whole lines only
	-F	PATTERN is a literal (not regexp)
	-E	PATTERN is an extended regexp
	-m N	Match up to N times per file
	-A N	Print N lines of trailing context
	-B N	Print N lines of leading context
	-C N	Same as '-A N -B N'
	-e PTRN	Pattern to match
	-f FILE	Read pattern from file
duplicate route check passed
compose 必填变量：17 个，和清单一致
